0 verbose cli /opt/homebrew/Cellar/node/26.5.0/bin/node /opt/homebrew/bin/npm
1 info using npm@11.17.0
2 info using node@v26.5.0
3 silly config load:file:/opt/homebrew/lib/node_modules/npm/npmrc
4 silly config load:file:/Users/mohit/business/two-souls-backend/backend/.npmrc
5 silly config load:file:/Users/mohit/.npmrc
6 silly config load:file:/opt/homebrew/etc/npmrc
7 verbose title npm view aws-cdk version
8 verbose argv "view" "aws-cdk" "version"
9 verbose logfile logs-max:10 dir:/Users/mohit/business/two-souls-backend/backend/.npm-cache/_logs/2026-07-27T04_29_27_418Z-
10 verbose logfile /Users/mohit/business/two-souls-backend/backend/.npm-cache/_logs/2026-07-27T04_29_27_418Z-debug-0.log
11 silly logfile done cleaning log files
12 http fetch GET 200 https://registry.npmjs.org/npm 313ms
13 http fetch GET 200 https://registry.npmjs.org/aws-cdk 638ms (cache miss)
14 verbose cwd /Users/mohit/business/two-souls-backend/backend
15 verbose os Darwin 24.5.0
16 verbose node v26.5.0
17 verbose npm  v11.17.0
18 notice
18 notice New major version of npm available! 11.17.0 -> 12.0.1
18 notice Changelog: https://github.com/npm/cli/releases/tag/v12.0.1
18 notice To update run: npm install -g npm@12.0.1
18 notice  { force: true, Symbol(proc-log.meta): true }
19 verbose exit 0
20 info ok
